[3bqre.xyz/index.html]
[backblue.gif]
[fade.gif]
[index.html]
[flfl.link/wp-content/themes/astra/assets/css/minified/style.min4468.css]
[flfl.link/wp-content/themes/astra/assets/css/minified/menu-animation.min4468.css]
[flfl.link/wp-includes/css/dist/block-library/style.min24b2.css]
[flfl.link/wp-content/plugins/elementor/assets/lib/eicons/css/elementor-icons.min74e5.css]
[flfl.link/wp-content/plugins/elementor/assets/lib/animations/animations.min9b4a.css]
[flfl.link/wp-content/plugins/elementor/assets/css/frontend-legacy.min9b4a.css]
[flfl.link/wp-content/plugins/elementor/assets/css/frontend.min9b4a.css]
[flfl.link/wp-content/uploads/elementor/css/post-6a6b3.css]
[flfl.link/wp-content/plugins/elementor-pro/assets/css/frontend.min459e.css]
[flfl.link/wp-content/uploads/elementor/css/globalbb97.css]
[flfl.link/wp-content/uploads/elementor/css/post-866e817.css]
[flfl.link/wp-content/plugins/elementor/assets/lib/font-awesome/css/fontawesome.minb683.css]
[flfl.link/wp-content/plugins/elementor/assets/lib/font-awesome/css/brands.minb683.css]
[connect.facebook.net/en_US/fbevents.js]
[flfl.link/wp-content/uploads/2020/11/opengraph-image-v2.jpg]
[flfl.link/wp-content/uploads/2020/10/80674d29-e4ae-4642-9acb-8a772e70e966-768x782-1.jpg]
[flfl.link/wp-content/uploads/2020/10/3.png]
[flfl.link/wp-content/uploads/2020/10/8.png]
[flfl.link/wp-content/themes/astra/assets/js/minified/style.min4468.js]
[flfl.link/wp-includes/js/wp-embed.min24b2.js]
[flfl.link/wp-includes/js/imagesloaded.mineda1.js]
[flfl.link/wp-includes/js/jquery/jquery4a5f.js]
[flfl.link/wp-content/plugins/elementor/assets/js/frontend-modules.min9b4a.js]
[flfl.link/wp-content/plugins/elementor-pro/assets/lib/sticky/jquery.sticky.min459e.js]
[flfl.link/wp-includes/js/jquery/ui/position.mine899.js]
[flfl.link/wp-content/plugins/elementor-pro/assets/js/frontend.min459e.js]
[flfl.link/wp-content/plugins/elementor/assets/lib/dialog/dialog.mina288.js]
[flfl.link/wp-content/plugins/elementor/assets/lib/waypoints/waypoints.min05da.js]
[flfl.link/wp-content/plugins/elementor/assets/lib/swiper/swiper.min48f5.js]
[flfl.link/wp-content/plugins/elementor/assets/lib/share-link/share-link.min9b4a.js]
[3bqre.xyz/index.html]
[flfl.link/wp-content/themes/astra/assets/css/minified/style.min4468.css]
[flfl.link/wp-content/themes/astra/assets/css/minified/menu-animation.min4468.css]
[flfl.link/wp-includes/css/dist/block-library/style.min24b2.css]
[flfl.link/wp-content/plugins/elementor/assets/lib/eicons/css/elementor-icons.min74e5.css]
[flfl.link/wp-content/plugins/elementor/assets/lib/animations/animations.min9b4a.css]
[flfl.link/wp-content/plugins/elementor/assets/css/frontend-legacy.min9b4a.css]
[flfl.link/wp-content/plugins/elementor/assets/css/frontend.min9b4a.css]
[flfl.link/wp-content/uploads/elementor/css/post-6a6b3.css]
[flfl.link/wp-content/plugins/elementor-pro/assets/css/frontend.min459e.css]
[flfl.link/wp-content/uploads/elementor/css/globalbb97.css]
[flfl.link/wp-content/uploads/elementor/css/post-866e817.css]
[flfl.link/wp-content/plugins/elementor/assets/lib/font-awesome/css/fontawesome.minb683.css]
[flfl.link/wp-content/plugins/elementor/assets/lib/font-awesome/css/brands.minb683.css]
[flfl.link/wp-content/plugins/elementor/assets/js/frontend.min9b4a.js]
[3bqre.xyz/c.1f.delayed]
[3bqre.xyz/b]
[3bqre.xyz/POST]
[connect.facebook.net/en_US/fbevents.js]
[3bqre.xyz/c.html]
[3bqre.xyz/b.html]
[3bqre.xyz/POST.html]
